// Jest Snapshot v1, https://goo.gl/fbAQLP

exports[`Pruebas en GifGrid Debe de mostrar el componente correctamente 1`] = `
<Fragment>
  <h3
    className="animate__animated animate__slideInLeft"
  >
    Hola mundo
  </h3>
  <p
    className="card animate__animated animate__zoomIn"
  >
    Loading...
  </p>
  <div
    className="card-grid"
  />
</Fragment>
`;
